Analysis & Synthesis report for top
Sun Mar 01 18:49:31 2020
Quartus Prime Version 18.1.0 Build 625 09/12/2018 SJ Lite Edition


---------------------
; Table of Contents ;
---------------------
  1. Legal Notice
  2. Analysis & Synthesis Summary
  3. Analysis & Synthesis Settings
  4. Parallel Compilation
  5. Analysis & Synthesis Source Files Read
  6. Analysis & Synthesis Resource Usage Summary
  7. Analysis & Synthesis Resource Utilization by Entity
  8. Registers Removed During Synthesis
  9. General Register Statistics
 10. Inverted Register Statistics
 11. Multiplexer Restructuring Statistics (Restructuring Performed)
 12. Parameter Settings for Inferred Entity Instance: graphic:g0|lpm_divide:Div0
 13. Post-Synthesis Netlist Statistics for Top Partition
 14. Elapsed Time Per Partition
 15. Analysis & Synthesis Messages
 16. Analysis & Synthesis Suppressed Messages



----------------
; Legal Notice ;
----------------
Copyright (C) 2018  Intel Corporation. All rights reserved.
Your use of Intel Corporation's design tools, logic functions 
and other software and tools, and its AMPP partner logic 
functions, and any output files from any of the foregoing 
(including device programming or simulation files), and any 
associated documentation or information are expressly subject 
to the terms and conditions of the Intel Program License 
Subscription Agreement, the Intel Quartus Prime License Agreement,
the Intel FPGA IP License Agreement, or other applicable license
agreement, including, without limitation, that your use is for
the sole purpose of programming logic devices manufactured by
Intel and sold by Intel or its authorized distributors.  Please
refer to the applicable agreement for further details.



+-------------------------------------------------------------------------------+
; Analysis & Synthesis Summary                                                  ;
+---------------------------------+---------------------------------------------+
; Analysis & Synthesis Status     ; Successful - Sun Mar 01 18:49:31 2020       ;
; Quartus Prime Version           ; 18.1.0 Build 625 09/12/2018 SJ Lite Edition ;
; Revision Name                   ; top                                         ;
; Top-level Entity Name           ; top                                         ;
; Family                          ; Cyclone V                                   ;
; Logic utilization (in ALMs)     ; N/A                                         ;
; Total registers                 ; 141                                         ;
; Total pins                      ; 18                                          ;
; Total virtual pins              ; 0                                           ;
; Total block memory bits         ; 0                                           ;
; Total DSP Blocks                ; 0                                           ;
; Total HSSI RX PCSs              ; 0                                           ;
; Total HSSI PMA RX Deserializers ; 0                                           ;
; Total HSSI TX PCSs              ; 0                                           ;
; Total HSSI PMA TX Serializers   ; 0                                           ;
; Total PLLs                      ; 0                                           ;
; Total DLLs                      ; 0                                           ;
+---------------------------------+---------------------------------------------+


+---------------------------------------------------------------------------------------------------------------------------+
; Analysis & Synthesis Settings                                                                                             ;
+---------------------------------------------------------------------------------+--------------------+--------------------+
; Option                                                                          ; Setting            ; Default Value      ;
+---------------------------------------------------------------------------------+--------------------+--------------------+
; Device                                                                          ; 5CSEMA5F31C6       ;                    ;
; Top-level entity name                                                           ; top                ; top                ;
; Family name                                                                     ; Cyclone V          ; Cyclone V          ;
; Use smart compilation                                                           ; Off                ; Off                ;
; Enable parallel Assembler and Timing Analyzer during compilation                ; On                 ; On                 ;
; Enable compact report table                                                     ; Off                ; Off                ;
; Restructure Multiplexers                                                        ; Auto               ; Auto               ;
; MLAB Add Timing Constraints For Mixed-Port Feed-Through Mode Setting Don't Care ; Off                ; Off                ;
; Create Debugging Nodes for IP Cores                                             ; Off                ; Off                ;
; Preserve fewer node names                                                       ; On                 ; On                 ;
; Intel FPGA IP Evaluation Mode                                                   ; Enable             ; Enable             ;
; Verilog Version                                                                 ; Verilog_2001       ; Verilog_2001       ;
; VHDL Version                                                                    ; VHDL_1993          ; VHDL_1993          ;
; State Machine Processing                                                        ; Auto               ; Auto               ;
; Safe State Machine                                                              ; Off                ; Off                ;
; Extract Verilog State Machines                                                  ; On                 ; On                 ;
; Extract VHDL State Machines                                                     ; On                 ; On                 ;
; Ignore Verilog initial constructs                                               ; Off                ; Off                ;
; Iteration limit for constant Verilog loops                                      ; 5000               ; 5000               ;
; Iteration limit for non-constant Verilog loops                                  ; 250                ; 250                ;
; Add Pass-Through Logic to Inferred RAMs                                         ; On                 ; On                 ;
; Infer RAMs from Raw Logic                                                       ; On                 ; On                 ;
; Parallel Synthesis                                                              ; On                 ; On                 ;
; DSP Block Balancing                                                             ; Auto               ; Auto               ;
; NOT Gate Push-Back                                                              ; On                 ; On                 ;
; Power-Up Don't Care                                                             ; On                 ; On                 ;
; Remove Redundant Logic Cells                                                    ; Off                ; Off                ;
; Remove Duplicate Registers                                                      ; On                 ; On                 ;
; Ignore CARRY Buffers                                                            ; Off                ; Off                ;
; Ignore CASCADE Buffers                                                          ; Off                ; Off                ;
; Ignore GLOBAL Buffers                                                           ; Off                ; Off                ;
; Ignore ROW GLOBAL Buffers                                                       ; Off                ; Off                ;
; Ignore LCELL Buffers                                                            ; Off                ; Off                ;
; Ignore SOFT Buffers                                                             ; On                 ; On                 ;
; Limit AHDL Integers to 32 Bits                                                  ; Off                ; Off                ;
; Optimization Technique                                                          ; Balanced           ; Balanced           ;
; Carry Chain Length                                                              ; 70                 ; 70                 ;
; Auto Carry Chains                                                               ; On                 ; On                 ;
; Auto Open-Drain Pins                                                            ; On                 ; On                 ;
; Perform WYSIWYG Primitive Resynthesis                                           ; Off                ; Off                ;
; Auto ROM Replacement                                                            ; On                 ; On                 ;
; Auto RAM Replacement                                                            ; On                 ; On                 ;
; Auto DSP Block Replacement                                                      ; On                 ; On                 ;
; Auto Shift Register Replacement                                                 ; Auto               ; Auto               ;
; Allow Shift Register Merging across Hierarchies                                 ; Auto               ; Auto               ;
; Auto Clock Enable Replacement                                                   ; On                 ; On                 ;
; Strict RAM Replacement                                                          ; Off                ; Off                ;
; Allow Synchronous Control Signals                                               ; On                 ; On                 ;
; Force Use of Synchronous Clear Signals                                          ; Off                ; Off                ;
; Auto Resource Sharing                                                           ; Off                ; Off                ;
; Allow Any RAM Size For Recognition                                              ; Off                ; Off                ;
; Allow Any ROM Size For Recognition                                              ; Off                ; Off                ;
; Allow Any Shift Register Size For Recognition                                   ; Off                ; Off                ;
; Use LogicLock Constraints during Resource Balancing                             ; On                 ; On                 ;
; Ignore translate_off and synthesis_off directives                               ; Off                ; Off                ;
; Timing-Driven Synthesis                                                         ; On                 ; On                 ;
; Report Parameter Settings                                                       ; On                 ; On                 ;
; Report Source Assignments                                                       ; On                 ; On                 ;
; Report Connectivity Checks                                                      ; On                 ; On                 ;
; Ignore Maximum Fan-Out Assignments                                              ; Off                ; Off                ;
; Synchronization Register Chain Length                                           ; 3                  ; 3                  ;
; Power Optimization During Synthesis                                             ; Normal compilation ; Normal compilation ;
; HDL message level                                                               ; Level2             ; Level2             ;
; Suppress Register Optimization Related Messages                                 ; Off                ; Off                ;
; Number of Removed Registers Reported in Synthesis Report                        ; 5000               ; 5000               ;
; Number of Swept Nodes Reported in Synthesis Report                              ; 5000               ; 5000               ;
; Number of Inverted Registers Reported in Synthesis Report                       ; 100                ; 100                ;
; Clock MUX Protection                                                            ; On                 ; On                 ;
; Auto Gated Clock Conversion                                                     ; Off                ; Off                ;
; Block Design Naming                                                             ; Auto               ; Auto               ;
; SDC constraint protection                                                       ; Off                ; Off                ;
; Synthesis Effort                                                                ; Auto               ; Auto               ;
; Shift Register Replacement - Allow Asynchronous Clear Signal                    ; On                 ; On                 ;
; Pre-Mapping Resynthesis Optimization                                            ; Off                ; Off                ;
; Analysis & Synthesis Message Level                                              ; Medium             ; Medium             ;
; Disable Register Merging Across Hierarchies                                     ; Auto               ; Auto               ;
; Resource Aware Inference For Block RAM                                          ; On                 ; On                 ;
; Automatic Parallel Synthesis                                                    ; On                 ; On                 ;
; Partial Reconfiguration Bitstream ID                                            ; Off                ; Off                ;
+---------------------------------------------------------------------------------+--------------------+--------------------+


+------------------------------------------+
; Parallel Compilation                     ;
+----------------------------+-------------+
; Processors                 ; Number      ;
+----------------------------+-------------+
; Number detected on machine ; 12          ;
; Maximum allowed            ; 12          ;
;                            ;             ;
; Average used               ; 1.00        ;
; Maximum used               ; 12          ;
;                            ;             ;
; Usage by Processor         ; % Time Used ;
;     Processor 1            ; 100.0%      ;
;     Processor 2            ;   0.0%      ;
;     Processor 3            ;   0.0%      ;
;     Processor 4            ;   0.0%      ;
;     Processor 5            ;   0.0%      ;
;     Processors 6-12        ;   0.0%      ;
+----------------------------+-------------+


+---------------------------------------------------------------------------------------------------------------------------------------------------------------------------------------------------+
; Analysis & Synthesis Source Files Read                                                                                                                                                            ;
+----------------------------------+-----------------+------------------------------+-----------------------------------------------------------------------------------------------------+---------+
; File Name with User-Entered Path ; Used in Netlist ; File Type                    ; File Name with Absolute Path                                                                        ; Library ;
+----------------------------------+-----------------+------------------------------+-----------------------------------------------------------------------------------------------------+---------+
; top.v                            ; yes             ; User Verilog HDL File        ; C:/Users/Shantanu/Documents/Work/CSC258/Test Project/Smaller/PONG-master/top.v                      ;         ;
; vga_sync.v                       ; yes             ; Auto-Found Verilog HDL File  ; C:/Users/Shantanu/Documents/Work/CSC258/Test Project/Smaller/PONG-master/vga_sync.v                 ;         ;
; clk_pixel.v                      ; yes             ; Auto-Found Verilog HDL File  ; C:/Users/Shantanu/Documents/Work/CSC258/Test Project/Smaller/PONG-master/clk_pixel.v                ;         ;
; debounce.v                       ; yes             ; Auto-Found Verilog HDL File  ; C:/Users/Shantanu/Documents/Work/CSC258/Test Project/Smaller/PONG-master/debounce.v                 ;         ;
; timer_1ms.v                      ; yes             ; Auto-Found Verilog HDL File  ; C:/Users/Shantanu/Documents/Work/CSC258/Test Project/Smaller/PONG-master/timer_1ms.v                ;         ;
; graphic.v                        ; yes             ; Auto-Found Verilog HDL File  ; C:/Users/Shantanu/Documents/Work/CSC258/Test Project/Smaller/PONG-master/graphic.v                  ;         ;
; lpm_divide.tdf                   ; yes             ; Megafunction                 ; c:/intelfpga_lite/18.1/quartus/libraries/megafunctions/lpm_divide.tdf                               ;         ;
; abs_divider.inc                  ; yes             ; Megafunction                 ; c:/intelfpga_lite/18.1/quartus/libraries/megafunctions/abs_divider.inc                              ;         ;
; sign_div_unsign.inc              ; yes             ; Megafunction                 ; c:/intelfpga_lite/18.1/quartus/libraries/megafunctions/sign_div_unsign.inc                          ;         ;
; aglobal181.inc                   ; yes             ; Megafunction                 ; c:/intelfpga_lite/18.1/quartus/libraries/megafunctions/aglobal181.inc                               ;         ;
; db/lpm_divide_ebm.tdf            ; yes             ; Auto-Generated Megafunction  ; C:/Users/Shantanu/Documents/Work/CSC258/Test Project/Smaller/PONG-master/db/lpm_divide_ebm.tdf      ;         ;
; db/sign_div_unsign_klh.tdf       ; yes             ; Auto-Generated Megafunction  ; C:/Users/Shantanu/Documents/Work/CSC258/Test Project/Smaller/PONG-master/db/sign_div_unsign_klh.tdf ;         ;
; db/alt_u_div_eve.tdf             ; yes             ; Auto-Generated Megafunction  ; C:/Users/Shantanu/Documents/Work/CSC258/Test Project/Smaller/PONG-master/db/alt_u_div_eve.tdf       ;         ;
+----------------------------------+-----------------+------------------------------+-----------------------------------------------------------------------------------------------------+---------+


+--------------------------------------------------------------------+
; Analysis & Synthesis Resource Usage Summary                        ;
+---------------------------------------------+----------------------+
; Resource                                    ; Usage                ;
+---------------------------------------------+----------------------+
; Estimate of Logic utilization (ALMs needed) ; 444                  ;
;                                             ;                      ;
; Combinational ALUT usage for logic          ; 764                  ;
;     -- 7 input functions                    ; 0                    ;
;     -- 6 input functions                    ; 123                  ;
;     -- 5 input functions                    ; 148                  ;
;     -- 4 input functions                    ; 180                  ;
;     -- <=3 input functions                  ; 313                  ;
;                                             ;                      ;
; Dedicated logic registers                   ; 141                  ;
;                                             ;                      ;
; I/O pins                                    ; 18                   ;
;                                             ;                      ;
; Total DSP Blocks                            ; 0                    ;
;                                             ;                      ;
; Maximum fan-out node                        ; graphic:g0|clk_frame ;
; Maximum fan-out                             ; 154                  ;
; Total fan-out                               ; 3404                 ;
; Average fan-out                             ; 3.62                 ;
+---------------------------------------------+----------------------+


+-----------------------------------------------------------------------------------------------------------------------------------------------------------------------------------------------------------------------------------------------------------------------------------------------------------+
; Analysis & Synthesis Resource Utilization by Entity                                                                                                                                                                                                                                                       ;
+-------------------------------------------+---------------------+---------------------------+-------------------+------------+------+--------------+-----------------------------------------------------------------------------------------------------------------+---------------------+--------------+
; Compilation Hierarchy Node                ; Combinational ALUTs ; Dedicated Logic Registers ; Block Memory Bits ; DSP Blocks ; Pins ; Virtual Pins ; Full Hierarchy Name                                                                                             ; Entity Name         ; Library Name ;
+-------------------------------------------+---------------------+---------------------------+-------------------+------------+------+--------------+-----------------------------------------------------------------------------------------------------------------+---------------------+--------------+
; |top                                      ; 764 (0)             ; 141 (0)                   ; 0                 ; 0          ; 18   ; 0            ; |top                                                                                                            ; top                 ; work         ;
;    |debounce:b0|                          ; 25 (5)              ; 22 (5)                    ; 0                 ; 0          ; 0    ; 0            ; |top|debounce:b0                                                                                                ; debounce            ; work         ;
;       |timer_1ms:m0|                      ; 20 (20)             ; 17 (17)                   ; 0                 ; 0          ; 0    ; 0            ; |top|debounce:b0|timer_1ms:m0                                                                                   ; timer_1ms           ; work         ;
;    |debounce:b1|                          ; 6 (5)               ; 6 (5)                     ; 0                 ; 0          ; 0    ; 0            ; |top|debounce:b1                                                                                                ; debounce            ; work         ;
;       |timer_1ms:m0|                      ; 1 (1)               ; 1 (1)                     ; 0                 ; 0          ; 0    ; 0            ; |top|debounce:b1|timer_1ms:m0                                                                                   ; timer_1ms           ; work         ;
;    |debounce:b2|                          ; 6 (5)               ; 6 (5)                     ; 0                 ; 0          ; 0    ; 0            ; |top|debounce:b2                                                                                                ; debounce            ; work         ;
;       |timer_1ms:m0|                      ; 1 (1)               ; 1 (1)                     ; 0                 ; 0          ; 0    ; 0            ; |top|debounce:b2|timer_1ms:m0                                                                                   ; timer_1ms           ; work         ;
;    |debounce:b3|                          ; 6 (5)               ; 6 (5)                     ; 0                 ; 0          ; 0    ; 0            ; |top|debounce:b3                                                                                                ; debounce            ; work         ;
;       |timer_1ms:m0|                      ; 1 (1)               ; 1 (1)                     ; 0                 ; 0          ; 0    ; 0            ; |top|debounce:b3|timer_1ms:m0                                                                                   ; timer_1ms           ; work         ;
;    |debounce:b4|                          ; 6 (5)               ; 6 (5)                     ; 0                 ; 0          ; 0    ; 0            ; |top|debounce:b4                                                                                                ; debounce            ; work         ;
;       |timer_1ms:m0|                      ; 1 (1)               ; 1 (1)                     ; 0                 ; 0          ; 0    ; 0            ; |top|debounce:b4|timer_1ms:m0                                                                                   ; timer_1ms           ; work         ;
;    |graphic:g0|                           ; 664 (591)           ; 69 (69)                   ; 0                 ; 0          ; 0    ; 0            ; |top|graphic:g0                                                                                                 ; graphic             ; work         ;
;       |lpm_divide:Div0|                   ; 73 (0)              ; 0 (0)                     ; 0                 ; 0          ; 0    ; 0            ; |top|graphic:g0|lpm_divide:Div0                                                                                 ; lpm_divide          ; work         ;
;          |lpm_divide_ebm:auto_generated|  ; 73 (0)              ; 0 (0)                     ; 0                 ; 0          ; 0    ; 0            ; |top|graphic:g0|lpm_divide:Div0|lpm_divide_ebm:auto_generated                                                   ; lpm_divide_ebm      ; work         ;
;             |sign_div_unsign_klh:divider| ; 73 (0)              ; 0 (0)                     ; 0                 ; 0          ; 0    ; 0            ; |top|graphic:g0|lpm_divide:Div0|lpm_divide_ebm:auto_generated|sign_div_unsign_klh:divider                       ; sign_div_unsign_klh ; work         ;
;                |alt_u_div_eve:divider|    ; 73 (73)             ; 0 (0)                     ; 0                 ; 0          ; 0    ; 0            ; |top|graphic:g0|lpm_divide:Div0|lpm_divide_ebm:auto_generated|sign_div_unsign_klh:divider|alt_u_div_eve:divider ; alt_u_div_eve       ; work         ;
;    |vga_sync:vga0|                        ; 51 (49)             ; 26 (24)                   ; 0                 ; 0          ; 0    ; 0            ; |top|vga_sync:vga0                                                                                              ; vga_sync            ; work         ;
;       |clk_pixel:clk0|                    ; 2 (2)               ; 2 (2)                     ; 0                 ; 0          ; 0    ; 0            ; |top|vga_sync:vga0|clk_pixel:clk0                                                                               ; clk_pixel           ; work         ;
+-------------------------------------------+---------------------+---------------------------+-------------------+------------+------+--------------+-----------------------------------------------------------------------------------------------------------------+---------------------+--------------+
Note: For table entries with two numbers listed, the numbers in parentheses indicate the number of resources of the given type used by the specific entity alone. The numbers listed outside of parentheses indicate the total resources of the given type used by the specific entity and all of its sub-entities in the hierarchy.


+---------------------------------------------------------------------------------------+
; Registers Removed During Synthesis                                                    ;
+----------------------------------------+----------------------------------------------+
; Register name                          ; Reason for Removal                           ;
+----------------------------------------+----------------------------------------------+
; graphic:g0|BAR_H[6,8,9]                ; Merged with graphic:g0|BAR_H[10]             ;
; graphic:g0|BAR_W[1,3,5..10]            ; Merged with graphic:g0|BAR_H[10]             ;
; graphic:g0|BAR_H[4]                    ; Merged with graphic:g0|BAR_H[2]              ;
; graphic:g0|BAR_W[2]                    ; Merged with graphic:g0|BAR_H[2]              ;
; graphic:g0|BAR_H[7]                    ; Merged with graphic:g0|BAR_H[1]              ;
; graphic:g0|BAR_H[5]                    ; Merged with graphic:g0|BAR_H[3]              ;
; debounce:b1|timer_1ms:m0|cnt[15]       ; Merged with debounce:b0|timer_1ms:m0|cnt[15] ;
; debounce:b2|timer_1ms:m0|cnt[15]       ; Merged with debounce:b0|timer_1ms:m0|cnt[15] ;
; debounce:b3|timer_1ms:m0|cnt[15]       ; Merged with debounce:b0|timer_1ms:m0|cnt[15] ;
; debounce:b4|timer_1ms:m0|cnt[15]       ; Merged with debounce:b0|timer_1ms:m0|cnt[15] ;
; debounce:b1|timer_1ms:m0|cnt[14]       ; Merged with debounce:b0|timer_1ms:m0|cnt[14] ;
; debounce:b2|timer_1ms:m0|cnt[14]       ; Merged with debounce:b0|timer_1ms:m0|cnt[14] ;
; debounce:b3|timer_1ms:m0|cnt[14]       ; Merged with debounce:b0|timer_1ms:m0|cnt[14] ;
; debounce:b4|timer_1ms:m0|cnt[14]       ; Merged with debounce:b0|timer_1ms:m0|cnt[14] ;
; debounce:b1|timer_1ms:m0|cnt[13]       ; Merged with debounce:b0|timer_1ms:m0|cnt[13] ;
; debounce:b2|timer_1ms:m0|cnt[13]       ; Merged with debounce:b0|timer_1ms:m0|cnt[13] ;
; debounce:b3|timer_1ms:m0|cnt[13]       ; Merged with debounce:b0|timer_1ms:m0|cnt[13] ;
; debounce:b4|timer_1ms:m0|cnt[13]       ; Merged with debounce:b0|timer_1ms:m0|cnt[13] ;
; debounce:b1|timer_1ms:m0|cnt[12]       ; Merged with debounce:b0|timer_1ms:m0|cnt[12] ;
; debounce:b2|timer_1ms:m0|cnt[12]       ; Merged with debounce:b0|timer_1ms:m0|cnt[12] ;
; debounce:b3|timer_1ms:m0|cnt[12]       ; Merged with debounce:b0|timer_1ms:m0|cnt[12] ;
; debounce:b4|timer_1ms:m0|cnt[12]       ; Merged with debounce:b0|timer_1ms:m0|cnt[12] ;
; debounce:b1|timer_1ms:m0|cnt[11]       ; Merged with debounce:b0|timer_1ms:m0|cnt[11] ;
; debounce:b2|timer_1ms:m0|cnt[11]       ; Merged with debounce:b0|timer_1ms:m0|cnt[11] ;
; debounce:b3|timer_1ms:m0|cnt[11]       ; Merged with debounce:b0|timer_1ms:m0|cnt[11] ;
; debounce:b4|timer_1ms:m0|cnt[11]       ; Merged with debounce:b0|timer_1ms:m0|cnt[11] ;
; debounce:b1|timer_1ms:m0|cnt[10]       ; Merged with debounce:b0|timer_1ms:m0|cnt[10] ;
; debounce:b2|timer_1ms:m0|cnt[10]       ; Merged with debounce:b0|timer_1ms:m0|cnt[10] ;
; debounce:b3|timer_1ms:m0|cnt[10]       ; Merged with debounce:b0|timer_1ms:m0|cnt[10] ;
; debounce:b4|timer_1ms:m0|cnt[10]       ; Merged with debounce:b0|timer_1ms:m0|cnt[10] ;
; debounce:b1|timer_1ms:m0|cnt[9]        ; Merged with debounce:b0|timer_1ms:m0|cnt[9]  ;
; debounce:b2|timer_1ms:m0|cnt[9]        ; Merged with debounce:b0|timer_1ms:m0|cnt[9]  ;
; debounce:b3|timer_1ms:m0|cnt[9]        ; Merged with debounce:b0|timer_1ms:m0|cnt[9]  ;
; debounce:b4|timer_1ms:m0|cnt[9]        ; Merged with debounce:b0|timer_1ms:m0|cnt[9]  ;
; debounce:b1|timer_1ms:m0|cnt[8]        ; Merged with debounce:b0|timer_1ms:m0|cnt[8]  ;
; debounce:b2|timer_1ms:m0|cnt[8]        ; Merged with debounce:b0|timer_1ms:m0|cnt[8]  ;
; debounce:b3|timer_1ms:m0|cnt[8]        ; Merged with debounce:b0|timer_1ms:m0|cnt[8]  ;
; debounce:b4|timer_1ms:m0|cnt[8]        ; Merged with debounce:b0|timer_1ms:m0|cnt[8]  ;
; debounce:b1|timer_1ms:m0|cnt[7]        ; Merged with debounce:b0|timer_1ms:m0|cnt[7]  ;
; debounce:b2|timer_1ms:m0|cnt[7]        ; Merged with debounce:b0|timer_1ms:m0|cnt[7]  ;
; debounce:b3|timer_1ms:m0|cnt[7]        ; Merged with debounce:b0|timer_1ms:m0|cnt[7]  ;
; debounce:b4|timer_1ms:m0|cnt[7]        ; Merged with debounce:b0|timer_1ms:m0|cnt[7]  ;
; debounce:b1|timer_1ms:m0|cnt[6]        ; Merged with debounce:b0|timer_1ms:m0|cnt[6]  ;
; debounce:b2|timer_1ms:m0|cnt[6]        ; Merged with debounce:b0|timer_1ms:m0|cnt[6]  ;
; debounce:b3|timer_1ms:m0|cnt[6]        ; Merged with debounce:b0|timer_1ms:m0|cnt[6]  ;
; debounce:b4|timer_1ms:m0|cnt[6]        ; Merged with debounce:b0|timer_1ms:m0|cnt[6]  ;
; debounce:b1|timer_1ms:m0|cnt[5]        ; Merged with debounce:b0|timer_1ms:m0|cnt[5]  ;
; debounce:b2|timer_1ms:m0|cnt[5]        ; Merged with debounce:b0|timer_1ms:m0|cnt[5]  ;
; debounce:b3|timer_1ms:m0|cnt[5]        ; Merged with debounce:b0|timer_1ms:m0|cnt[5]  ;
; debounce:b4|timer_1ms:m0|cnt[5]        ; Merged with debounce:b0|timer_1ms:m0|cnt[5]  ;
; debounce:b1|timer_1ms:m0|cnt[4]        ; Merged with debounce:b0|timer_1ms:m0|cnt[4]  ;
; debounce:b2|timer_1ms:m0|cnt[4]        ; Merged with debounce:b0|timer_1ms:m0|cnt[4]  ;
; debounce:b3|timer_1ms:m0|cnt[4]        ; Merged with debounce:b0|timer_1ms:m0|cnt[4]  ;
; debounce:b4|timer_1ms:m0|cnt[4]        ; Merged with debounce:b0|timer_1ms:m0|cnt[4]  ;
; debounce:b1|timer_1ms:m0|cnt[3]        ; Merged with debounce:b0|timer_1ms:m0|cnt[3]  ;
; debounce:b2|timer_1ms:m0|cnt[3]        ; Merged with debounce:b0|timer_1ms:m0|cnt[3]  ;
; debounce:b3|timer_1ms:m0|cnt[3]        ; Merged with debounce:b0|timer_1ms:m0|cnt[3]  ;
; debounce:b4|timer_1ms:m0|cnt[3]        ; Merged with debounce:b0|timer_1ms:m0|cnt[3]  ;
; debounce:b1|timer_1ms:m0|cnt[2]        ; Merged with debounce:b0|timer_1ms:m0|cnt[2]  ;
; debounce:b2|timer_1ms:m0|cnt[2]        ; Merged with debounce:b0|timer_1ms:m0|cnt[2]  ;
; debounce:b3|timer_1ms:m0|cnt[2]        ; Merged with debounce:b0|timer_1ms:m0|cnt[2]  ;
; debounce:b4|timer_1ms:m0|cnt[2]        ; Merged with debounce:b0|timer_1ms:m0|cnt[2]  ;
; debounce:b1|timer_1ms:m0|cnt[1]        ; Merged with debounce:b0|timer_1ms:m0|cnt[1]  ;
; debounce:b2|timer_1ms:m0|cnt[1]        ; Merged with debounce:b0|timer_1ms:m0|cnt[1]  ;
; debounce:b3|timer_1ms:m0|cnt[1]        ; Merged with debounce:b0|timer_1ms:m0|cnt[1]  ;
; debounce:b4|timer_1ms:m0|cnt[1]        ; Merged with debounce:b0|timer_1ms:m0|cnt[1]  ;
; debounce:b1|timer_1ms:m0|cnt[0]        ; Merged with debounce:b0|timer_1ms:m0|cnt[0]  ;
; debounce:b2|timer_1ms:m0|cnt[0]        ; Merged with debounce:b0|timer_1ms:m0|cnt[0]  ;
; debounce:b3|timer_1ms:m0|cnt[0]        ; Merged with debounce:b0|timer_1ms:m0|cnt[0]  ;
; debounce:b4|timer_1ms:m0|cnt[0]        ; Merged with debounce:b0|timer_1ms:m0|cnt[0]  ;
; graphic:g0|BAR_H[2]                    ; Stuck at VCC due to stuck port data_in       ;
; graphic:g0|BAR_H[10]                   ; Stuck at GND due to stuck port data_in       ;
; graphic:g0|ball_x[10]                  ; Stuck at GND due to stuck port data_in       ;
; Total Number of Removed Registers = 82 ;                                              ;
+----------------------------------------+----------------------------------------------+


+------------------------------------------------------+
; General Register Statistics                          ;
+----------------------------------------------+-------+
; Statistic                                    ; Value ;
+----------------------------------------------+-------+
; Total registers                              ; 141   ;
; Number of registers using Synchronous Clear  ; 38    ;
; Number of registers using Synchronous Load   ; 0     ;
; Number of registers using Asynchronous Clear ; 0     ;
; Number of registers using Asynchronous Load  ; 0     ;
; Number of registers using Clock Enable       ; 42    ;
; Number of registers using Preset             ; 0     ;
+----------------------------------------------+-------+


+---------------------------------------------------+
; Inverted Register Statistics                      ;
+-----------------------------------------+---------+
; Inverted Register                       ; Fan out ;
+-----------------------------------------+---------+
; graphic:g0|BAR_W[0]                     ; 2       ;
; graphic:g0|ball_move_x                  ; 11      ;
; graphic:g0|ball_x[6]                    ; 4       ;
; graphic:g0|ball_x[8]                    ; 4       ;
; graphic:g0|rbar_y[7]                    ; 7       ;
; graphic:g0|rbar_y[5]                    ; 8       ;
; graphic:g0|BAR_H[3]                     ; 20      ;
; graphic:g0|rbar_y[4]                    ; 8       ;
; graphic:g0|rbar_y[6]                    ; 8       ;
; graphic:g0|ball_y[7]                    ; 4       ;
; graphic:g0|ball_y[6]                    ; 4       ;
; graphic:g0|ball_y[5]                    ; 4       ;
; graphic:g0|ball_y[4]                    ; 4       ;
; graphic:g0|lbar_y[7]                    ; 9       ;
; graphic:g0|lbar_y[5]                    ; 8       ;
; graphic:g0|lbar_y[4]                    ; 9       ;
; graphic:g0|lbar_y[6]                    ; 10      ;
; graphic:g0|ball_move_y                  ; 11      ;
; Total number of inverted registers = 18 ;         ;
+-----------------------------------------+---------+


+------------------------------------------------------------------------------------------------------------------------------------------+
; Multiplexer Restructuring Statistics (Restructuring Performed)                                                                           ;
+--------------------+-----------+---------------+----------------------+------------------------+------------+----------------------------+
; Multiplexer Inputs ; Bus Width ; Baseline Area ; Area if Restructured ; Saving if Restructured ; Registered ; Example Multiplexer Output ;
+--------------------+-----------+---------------+----------------------+------------------------+------------+----------------------------+
; 3:1                ; 4 bits    ; 8 LEs         ; 4 LEs                ; 4 LEs                  ; Yes        ; |top|debounce:b0|cnt[3]    ;
; 3:1                ; 4 bits    ; 8 LEs         ; 4 LEs                ; 4 LEs                  ; Yes        ; |top|debounce:b1|cnt[0]    ;
; 3:1                ; 4 bits    ; 8 LEs         ; 4 LEs                ; 4 LEs                  ; Yes        ; |top|debounce:b2|cnt[1]    ;
; 3:1                ; 4 bits    ; 8 LEs         ; 4 LEs                ; 4 LEs                  ; Yes        ; |top|debounce:b3|cnt[1]    ;
; 3:1                ; 4 bits    ; 8 LEs         ; 4 LEs                ; 4 LEs                  ; Yes        ; |top|debounce:b4|cnt[0]    ;
; 6:1                ; 4 bits    ; 16 LEs        ; 16 LEs               ; 0 LEs                  ; Yes        ; |top|graphic:g0|rgb_now[0] ;
; 7:1                ; 2 bits    ; 8 LEs         ; 8 LEs                ; 0 LEs                  ; Yes        ; |top|graphic:g0|rgb_now[3] ;
; 3:1                ; 22 bits   ; 44 LEs        ; 44 LEs               ; 0 LEs                  ; No         ; |top|graphic:g0|ball_y     ;
; 3:1                ; 12 bits   ; 24 LEs        ; 24 LEs               ; 0 LEs                  ; No         ; |top|graphic:g0|rscore     ;
+--------------------+-----------+---------------+----------------------+------------------------+------------+----------------------------+


+-----------------------------------------------------------------------------+
; Parameter Settings for Inferred Entity Instance: graphic:g0|lpm_divide:Div0 ;
+------------------------+----------------+-----------------------------------+
; Parameter Name         ; Value          ; Type                              ;
+------------------------+----------------+-----------------------------------+
; LPM_WIDTHN             ; 11             ; Untyped                           ;
; LPM_WIDTHD             ; 3              ; Untyped                           ;
; LPM_NREPRESENTATION    ; UNSIGNED       ; Untyped                           ;
; LPM_DREPRESENTATION    ; UNSIGNED       ; Untyped                           ;
; LPM_PIPELINE           ; 0              ; Untyped                           ;
; LPM_REMAINDERPOSITIVE  ; TRUE           ; Untyped                           ;
; MAXIMIZE_SPEED         ; 5              ; Untyped                           ;
; CBXI_PARAMETER         ; lpm_divide_ebm ; Untyped                           ;
; CARRY_CHAIN            ; MANUAL         ; Untyped                           ;
; OPTIMIZE_FOR_SPEED     ; 5              ; Untyped                           ;
; AUTO_CARRY_CHAINS      ; ON             ; AUTO_CARRY                        ;
; IGNORE_CARRY_BUFFERS   ; OFF            ; IGNORE_CARRY                      ;
; AUTO_CASCADE_CHAINS    ; ON             ; AUTO_CASCADE                      ;
; IGNORE_CASCADE_BUFFERS ; OFF            ; IGNORE_CASCADE                    ;
+------------------------+----------------+-----------------------------------+
Note: In order to hide this table in the UI and the text report file, please set the "Show Parameter Settings in Synthesis Report" option in "Analysis and Synthesis Settings -> More Settings" to "Off".


+-----------------------------------------------------+
; Post-Synthesis Netlist Statistics for Top Partition ;
+-----------------------+-----------------------------+
; Type                  ; Count                       ;
+-----------------------+-----------------------------+
; arriav_ff             ; 141                         ;
;     ENA               ; 31                          ;
;     ENA SCLR          ; 11                          ;
;     SCLR              ; 27                          ;
;     plain             ; 72                          ;
; arriav_lcell_comb     ; 766                         ;
;     arith             ; 336                         ;
;         0 data inputs ; 32                          ;
;         1 data inputs ; 111                         ;
;         2 data inputs ; 20                          ;
;         3 data inputs ; 44                          ;
;         4 data inputs ; 95                          ;
;         5 data inputs ; 34                          ;
;     normal            ; 426                         ;
;         1 data inputs ; 16                          ;
;         2 data inputs ; 54                          ;
;         3 data inputs ; 34                          ;
;         4 data inputs ; 85                          ;
;         5 data inputs ; 114                         ;
;         6 data inputs ; 123                         ;
;     shared            ; 4                           ;
;         0 data inputs ; 1                           ;
;         1 data inputs ; 3                           ;
; boundary_port         ; 18                          ;
;                       ;                             ;
; Max LUT depth         ; 17.40                       ;
; Average LUT depth     ; 10.74                       ;
+-----------------------+-----------------------------+


+-------------------------------+
; Elapsed Time Per Partition    ;
+----------------+--------------+
; Partition Name ; Elapsed Time ;
+----------------+--------------+
; Top            ; 00:00:04     ;
+----------------+--------------+


+-------------------------------+
; Analysis & Synthesis Messages ;
+-------------------------------+
Info: *******************************************************************
Info: Running Quartus Prime Analysis & Synthesis
    Info: Version 18.1.0 Build 625 09/12/2018 SJ Lite Edition
    Info: Processing started: Sun Mar 01 18:49:08 2020
Info: Command: quartus_map --read_settings_files=on --write_settings_files=off top -c top
Warning (18236): Number of processors has not been specified which may cause overloading on shared machines.  Set the global assignment NUM_PARALLEL_PROCESSORS in your QSF to an appropriate value for best performance.
Info (20030): Parallel compilation is enabled and will use 12 of the 12 processors detected
Info (12021): Found 1 design units, including 1 entities, in source file top.v
    Info (12023): Found entity 1: top File: C:/Users/Shantanu/Documents/Work/CSC258/Test Project/Smaller/PONG-master/top.v Line: 3
Info (12127): Elaborating entity "top" for the top level hierarchy
Warning (12125): Using design file vga_sync.v, which is not specified as a design file for the current project, but contains definitions for 1 design units and 1 entities in project
    Info (12023): Found entity 1: vga_sync File: C:/Users/Shantanu/Documents/Work/CSC258/Test Project/Smaller/PONG-master/vga_sync.v Line: 1
Info (12128): Elaborating entity "vga_sync" for hierarchy "vga_sync:vga0" File: C:/Users/Shantanu/Documents/Work/CSC258/Test Project/Smaller/PONG-master/top.v Line: 15
Warning (12125): Using design file clk_pixel.v, which is not specified as a design file for the current project, but contains definitions for 1 design units and 1 entities in project
    Info (12023): Found entity 1: clk_pixel File: C:/Users/Shantanu/Documents/Work/CSC258/Test Project/Smaller/PONG-master/clk_pixel.v Line: 4
Info (12128): Elaborating entity "clk_pixel" for hierarchy "vga_sync:vga0|clk_pixel:clk0" File: C:/Users/Shantanu/Documents/Work/CSC258/Test Project/Smaller/PONG-master/vga_sync.v Line: 26
Warning (12125): Using design file debounce.v, which is not specified as a design file for the current project, but contains definitions for 1 design units and 1 entities in project
    Info (12023): Found entity 1: debounce File: C:/Users/Shantanu/Documents/Work/CSC258/Test Project/Smaller/PONG-master/debounce.v Line: 3
Info (12128): Elaborating entity "debounce" for hierarchy "debounce:b0" File: C:/Users/Shantanu/Documents/Work/CSC258/Test Project/Smaller/PONG-master/top.v Line: 19
Warning (12125): Using design file timer_1ms.v, which is not specified as a design file for the current project, but contains definitions for 1 design units and 1 entities in project
    Info (12023): Found entity 1: timer_1ms File: C:/Users/Shantanu/Documents/Work/CSC258/Test Project/Smaller/PONG-master/timer_1ms.v Line: 4
Info (12128): Elaborating entity "timer_1ms" for hierarchy "debounce:b0|timer_1ms:m0" File: C:/Users/Shantanu/Documents/Work/CSC258/Test Project/Smaller/PONG-master/debounce.v Line: 14
Warning (12125): Using design file graphic.v, which is not specified as a design file for the current project, but contains definitions for 1 design units and 1 entities in project
    Info (12023): Found entity 1: graphic File: C:/Users/Shantanu/Documents/Work/CSC258/Test Project/Smaller/PONG-master/graphic.v Line: 4
Info (12128): Elaborating entity "graphic" for hierarchy "graphic:g0" File: C:/Users/Shantanu/Documents/Work/CSC258/Test Project/Smaller/PONG-master/top.v Line: 27
Info (278001): Inferred 1 megafunctions from design logic
    Info (278004): Inferred divider/modulo megafunction ("lpm_divide") from the following logic: "graphic:g0|Div0" File: C:/Users/Shantanu/Documents/Work/CSC258/Test Project/Smaller/PONG-master/graphic.v Line: 120
Info (12130): Elaborated megafunction instantiation "graphic:g0|lpm_divide:Div0" File: C:/Users/Shantanu/Documents/Work/CSC258/Test Project/Smaller/PONG-master/graphic.v Line: 120
Info (12133): Instantiated megafunction "graphic:g0|lpm_divide:Div0" with the following parameter: File: C:/Users/Shantanu/Documents/Work/CSC258/Test Project/Smaller/PONG-master/graphic.v Line: 120
    Info (12134): Parameter "LPM_WIDTHN" = "11"
    Info (12134): Parameter "LPM_WIDTHD" = "3"
    Info (12134): Parameter "LPM_NREPRESENTATION" = "UNSIGNED"
    Info (12134): Parameter "LPM_DREPRESENTATION" = "UNSIGNED"
Info (12021): Found 1 design units, including 1 entities, in source file db/lpm_divide_ebm.tdf
    Info (12023): Found entity 1: lpm_divide_ebm File: C:/Users/Shantanu/Documents/Work/CSC258/Test Project/Smaller/PONG-master/db/lpm_divide_ebm.tdf Line: 24
Info (12021): Found 1 design units, including 1 entities, in source file db/sign_div_unsign_klh.tdf
    Info (12023): Found entity 1: sign_div_unsign_klh File: C:/Users/Shantanu/Documents/Work/CSC258/Test Project/Smaller/PONG-master/db/sign_div_unsign_klh.tdf Line: 24
Info (12021): Found 1 design units, including 1 entities, in source file db/alt_u_div_eve.tdf
    Info (12023): Found entity 1: alt_u_div_eve File: C:/Users/Shantanu/Documents/Work/CSC258/Test Project/Smaller/PONG-master/db/alt_u_div_eve.tdf Line: 22
Info (286030): Timing-Driven Synthesis is running
Info (144001): Generated suppressed messages file C:/Users/Shantanu/Documents/Work/CSC258/Test Project/Smaller/PONG-master/output_files/top.map.smsg
Info (16010): Generating hard_block partition "hard_block:auto_generated_inst"
    Info (16011): Adding 0 node(s), including 0 DDIO, 0 PLL, 0 transceiver and 0 LCELL
Info (21057): Implemented 816 device resources after synthesis - the final resource count might be different
    Info (21058): Implemented 8 input pins
    Info (21059): Implemented 10 output pins
    Info (21061): Implemented 798 logic cells
Info: Quartus Prime Analysis & Synthesis was successful. 0 errors, 6 warnings
    Info: Peak virtual memory: 4905 megabytes
    Info: Processing ended: Sun Mar 01 18:49:32 2020
    Info: Elapsed time: 00:00:24
    Info: Total CPU time (on all processors): 00:00:29


+------------------------------------------+
; Analysis & Synthesis Suppressed Messages ;
+------------------------------------------+
The suppressed messages can be found in C:/Users/Shantanu/Documents/Work/CSC258/Test Project/Smaller/PONG-master/output_files/top.map.smsg.


